Archive member included because of file (symbol)

c:/program files/gnu tools arm embedded/4.9 2015q1/bin/../lib/gcc/arm-none-eabi/4.9.3/../../../../arm-none-eabi/lib/armv7e-m\libc.a(lib_a-exit.o)
                              c:/program files/gnu tools arm embedded/4.9 2015q1/bin/../lib/gcc/arm-none-eabi/4.9.3/../../../../arm-none-eabi/lib/armv7e-m/crt0.o (exit)
c:/program files/gnu tools arm embedded/4.9 2015q1/bin/../lib/gcc/arm-none-eabi/4.9.3/../../../../arm-none-eabi/lib/armv7e-m\libc.a(lib_a-impure.o)
                              c:/program files/gnu tools arm embedded/4.9 2015q1/bin/../lib/gcc/arm-none-eabi/4.9.3/../../../../arm-none-eabi/lib/armv7e-m\libc.a(lib_a-exit.o) (_global_impure_ptr)
c:/program files/gnu tools arm embedded/4.9 2015q1/bin/../lib/gcc/arm-none-eabi/4.9.3/../../../../arm-none-eabi/lib/armv7e-m\libc.a(lib_a-init.o)
                              c:/program files/gnu tools arm embedded/4.9 2015q1/bin/../lib/gcc/arm-none-eabi/4.9.3/../../../../arm-none-eabi/lib/armv7e-m/crt0.o (__libc_init_array)
c:/program files/gnu tools arm embedded/4.9 2015q1/bin/../lib/gcc/arm-none-eabi/4.9.3/../../../../arm-none-eabi/lib/armv7e-m\libc.a(lib_a-memset.o)
                              c:/program files/gnu tools arm embedded/4.9 2015q1/bin/../lib/gcc/arm-none-eabi/4.9.3/../../../../arm-none-eabi/lib/armv7e-m/crt0.o (memset)
c:/program files/gnu tools arm embedded/4.9 2015q1/bin/../lib/gcc/arm-none-eabi/4.9.3/../../../../arm-none-eabi/lib/armv7e-m\libc.a(lib_a-__call_atexit.o)
                              c:/program files/gnu tools arm embedded/4.9 2015q1/bin/../lib/gcc/arm-none-eabi/4.9.3/../../../../arm-none-eabi/lib/armv7e-m\libc.a(lib_a-exit.o) (__call_exitprocs)
c:/program files/gnu tools arm embedded/4.9 2015q1/bin/../lib/gcc/arm-none-eabi/4.9.3/../../../../arm-none-eabi/lib/armv7e-m\libc.a(lib_a-atexit.o)
                              c:/program files/gnu tools arm embedded/4.9 2015q1/bin/../lib/gcc/arm-none-eabi/4.9.3/../../../../arm-none-eabi/lib/armv7e-m\libc.a(lib_a-__call_atexit.o) (atexit)
c:/program files/gnu tools arm embedded/4.9 2015q1/bin/../lib/gcc/arm-none-eabi/4.9.3/../../../../arm-none-eabi/lib/armv7e-m\libc.a(lib_a-fini.o)
                              c:/program files/gnu tools arm embedded/4.9 2015q1/bin/../lib/gcc/arm-none-eabi/4.9.3/../../../../arm-none-eabi/lib/armv7e-m\libc.a(lib_a-__call_atexit.o) (__libc_fini_array)
c:/program files/gnu tools arm embedded/4.9 2015q1/bin/../lib/gcc/arm-none-eabi/4.9.3/../../../../arm-none-eabi/lib/armv7e-m\libc.a(lib_a-__atexit.o)
                              c:/program files/gnu tools arm embedded/4.9 2015q1/bin/../lib/gcc/arm-none-eabi/4.9.3/../../../../arm-none-eabi/lib/armv7e-m\libc.a(lib_a-atexit.o) (__register_exitproc)

Discarded input sections

 .text          0x00000000        0x0 c:/program files/gnu tools arm embedded/4.9 2015q1/bin/../lib/gcc/arm-none-eabi/4.9.3/armv7e-m/crti.o
 .data          0x00000000        0x0 c:/program files/gnu tools arm embedded/4.9 2015q1/bin/../lib/gcc/arm-none-eabi/4.9.3/armv7e-m/crti.o
 .bss           0x00000000        0x0 c:/program files/gnu tools arm embedded/4.9 2015q1/bin/../lib/gcc/arm-none-eabi/4.9.3/armv7e-m/crti.o
 .data          0x00000000        0x4 c:/program files/gnu tools arm embedded/4.9 2015q1/bin/../lib/gcc/arm-none-eabi/4.9.3/armv7e-m/crtbegin.o
 .text          0x00000000       0x74 c:/program files/gnu tools arm embedded/4.9 2015q1/bin/../lib/gcc/arm-none-eabi/4.9.3/../../../../arm-none-eabi/lib/armv7e-m/crt0.o
 .data          0x00000000        0x0 c:/program files/gnu tools arm embedded/4.9 2015q1/bin/../lib/gcc/arm-none-eabi/4.9.3/../../../../arm-none-eabi/lib/armv7e-m/crt0.o
 .bss           0x00000000        0x0 c:/program files/gnu tools arm embedded/4.9 2015q1/bin/../lib/gcc/arm-none-eabi/4.9.3/../../../../arm-none-eabi/lib/armv7e-m/crt0.o
 .ARM.extab     0x00000000        0x0 c:/program files/gnu tools arm embedded/4.9 2015q1/bin/../lib/gcc/arm-none-eabi/4.9.3/../../../../arm-none-eabi/lib/armv7e-m/crt0.o
 .ARM.exidx     0x00000000        0x8 c:/program files/gnu tools arm embedded/4.9 2015q1/bin/../lib/gcc/arm-none-eabi/4.9.3/../../../../arm-none-eabi/lib/armv7e-m/crt0.o
 .ARM.attributes
                0x00000000       0x1c c:/program files/gnu tools arm embedded/4.9 2015q1/bin/../lib/gcc/arm-none-eabi/4.9.3/../../../../arm-none-eabi/lib/armv7e-m/crt0.o
 .text          0x00000000        0x0 c:/program files/gnu tools arm embedded/4.9 2015q1/bin/../lib/gcc/arm-none-eabi/4.9.3/../../../../arm-none-eabi/lib/armv7e-m\libc.a(lib_a-exit.o)
 .data          0x00000000        0x0 c:/program files/gnu tools arm embedded/4.9 2015q1/bin/../lib/gcc/arm-none-eabi/4.9.3/../../../../arm-none-eabi/lib/armv7e-m\libc.a(lib_a-exit.o)
 .bss           0x00000000        0x0 c:/program files/gnu tools arm embedded/4.9 2015q1/bin/../lib/gcc/arm-none-eabi/4.9.3/../../../../arm-none-eabi/lib/armv7e-m\libc.a(lib_a-exit.o)
 .text.exit     0x00000000       0x20 c:/program files/gnu tools arm embedded/4.9 2015q1/bin/../lib/gcc/arm-none-eabi/4.9.3/../../../../arm-none-eabi/lib/armv7e-m\libc.a(lib_a-exit.o)
 .debug_frame   0x00000000       0x28 c:/program files/gnu tools arm embedded/4.9 2015q1/bin/../lib/gcc/arm-none-eabi/4.9.3/../../../../arm-none-eabi/lib/armv7e-m\libc.a(lib_a-exit.o)
 .ARM.attributes
                0x00000000       0x2e c:/program files/gnu tools arm embedded/4.9 2015q1/bin/../lib/gcc/arm-none-eabi/4.9.3/../../../../arm-none-eabi/lib/armv7e-m\libc.a(lib_a-exit.o)
 .text          0x00000000        0x0 c:/program files/gnu tools arm embedded/4.9 2015q1/bin/../lib/gcc/arm-none-eabi/4.9.3/../../../../arm-none-eabi/lib/armv7e-m\libc.a(lib_a-impure.o)
 .data          0x00000000        0x0 c:/program files/gnu tools arm embedded/4.9 2015q1/bin/../lib/gcc/arm-none-eabi/4.9.3/../../../../arm-none-eabi/lib/armv7e-m\libc.a(lib_a-impure.o)
 .bss           0x00000000        0x0 c:/program files/gnu tools arm embedded/4.9 2015q1/bin/../lib/gcc/arm-none-eabi/4.9.3/../../../../arm-none-eabi/lib/armv7e-m\libc.a(lib_a-impure.o)
 .data._impure_ptr
                0x00000000        0x4 c:/program files/gnu tools arm embedded/4.9 2015q1/bin/../lib/gcc/arm-none-eabi/4.9.3/../../../../arm-none-eabi/lib/armv7e-m\libc.a(lib_a-impure.o)
 .ARM.attributes
                0x00000000       0x2e c:/program files/gnu tools arm embedded/4.9 2015q1/bin/../lib/gcc/arm-none-eabi/4.9.3/../../../../arm-none-eabi/lib/armv7e-m\libc.a(lib_a-impure.o)
 .text          0x00000000        0x0 c:/program files/gnu tools arm embedded/4.9 2015q1/bin/../lib/gcc/arm-none-eabi/4.9.3/../../../../arm-none-eabi/lib/armv7e-m\libc.a(lib_a-init.o)
 .data          0x00000000        0x0 c:/program files/gnu tools arm embedded/4.9 2015q1/bin/../lib/gcc/arm-none-eabi/4.9.3/../../../../arm-none-eabi/lib/armv7e-m\libc.a(lib_a-init.o)
 .bss           0x00000000        0x0 c:/program files/gnu tools arm embedded/4.9 2015q1/bin/../lib/gcc/arm-none-eabi/4.9.3/../../../../arm-none-eabi/lib/armv7e-m\libc.a(lib_a-init.o)
 .debug_frame   0x00000000       0x2c c:/program files/gnu tools arm embedded/4.9 2015q1/bin/../lib/gcc/arm-none-eabi/4.9.3/../../../../arm-none-eabi/lib/armv7e-m\libc.a(lib_a-init.o)
 .ARM.attributes
                0x00000000       0x2e c:/program files/gnu tools arm embedded/4.9 2015q1/bin/../lib/gcc/arm-none-eabi/4.9.3/../../../../arm-none-eabi/lib/armv7e-m\libc.a(lib_a-init.o)
 .text          0x00000000        0x0 c:/program files/gnu tools arm embedded/4.9 2015q1/bin/../lib/gcc/arm-none-eabi/4.9.3/../../../../arm-none-eabi/lib/armv7e-m\libc.a(lib_a-memset.o)
 .data          0x00000000        0x0 c:/program files/gnu tools arm embedded/4.9 2015q1/bin/../lib/gcc/arm-none-eabi/4.9.3/../../../../arm-none-eabi/lib/armv7e-m\libc.a(lib_a-memset.o)
 .bss           0x00000000        0x0 c:/program files/gnu tools arm embedded/4.9 2015q1/bin/../lib/gcc/arm-none-eabi/4.9.3/../../../../arm-none-eabi/lib/armv7e-m\libc.a(lib_a-memset.o)
 .text.memset   0x00000000       0x9c c:/program files/gnu tools arm embedded/4.9 2015q1/bin/../lib/gcc/arm-none-eabi/4.9.3/../../../../arm-none-eabi/lib/armv7e-m\libc.a(lib_a-memset.o)
 .debug_frame   0x00000000       0x34 c:/program files/gnu tools arm embedded/4.9 2015q1/bin/../lib/gcc/arm-none-eabi/4.9.3/../../../../arm-none-eabi/lib/armv7e-m\libc.a(lib_a-memset.o)
 .ARM.attributes
                0x00000000       0x2e c:/program files/gnu tools arm embedded/4.9 2015q1/bin/../lib/gcc/arm-none-eabi/4.9.3/../../../../arm-none-eabi/lib/armv7e-m\libc.a(lib_a-memset.o)
 .text          0x00000000        0x0 c:/program files/gnu tools arm embedded/4.9 2015q1/bin/../lib/gcc/arm-none-eabi/4.9.3/../../../../arm-none-eabi/lib/armv7e-m\libc.a(lib_a-__call_atexit.o)
 .data          0x00000000        0x0 c:/program files/gnu tools arm embedded/4.9 2015q1/bin/../lib/gcc/arm-none-eabi/4.9.3/../../../../arm-none-eabi/lib/armv7e-m\libc.a(lib_a-__call_atexit.o)
 .bss           0x00000000        0x0 c:/program files/gnu tools arm embedded/4.9 2015q1/bin/../lib/gcc/arm-none-eabi/4.9.3/../../../../arm-none-eabi/lib/armv7e-m\libc.a(lib_a-__call_atexit.o)
 .text.__call_exitprocs
                0x00000000       0xd4 c:/program files/gnu tools arm embedded/4.9 2015q1/bin/../lib/gcc/arm-none-eabi/4.9.3/../../../../arm-none-eabi/lib/armv7e-m\libc.a(lib_a-__call_atexit.o)
 .debug_frame   0x00000000       0x50 c:/program files/gnu tools arm embedded/4.9 2015q1/bin/../lib/gcc/arm-none-eabi/4.9.3/../../../../arm-none-eabi/lib/armv7e-m\libc.a(lib_a-__call_atexit.o)
 .ARM.attributes
                0x00000000       0x2e c:/program files/gnu tools arm embedded/4.9 2015q1/bin/../lib/gcc/arm-none-eabi/4.9.3/../../../../arm-none-eabi/lib/armv7e-m\libc.a(lib_a-__call_atexit.o)
 .text          0x00000000        0x0 c:/program files/gnu tools arm embedded/4.9 2015q1/bin/../lib/gcc/arm-none-eabi/4.9.3/../../../../arm-none-eabi/lib/armv7e-m\libc.a(lib_a-atexit.o)
 .data          0x00000000        0x0 c:/program files/gnu tools arm embedded/4.9 2015q1/bin/../lib/gcc/arm-none-eabi/4.9.3/../../../../arm-none-eabi/lib/armv7e-m\libc.a(lib_a-atexit.o)
 .bss           0x00000000        0x0 c:/program files/gnu tools arm embedded/4.9 2015q1/bin/../lib/gcc/arm-none-eabi/4.9.3/../../../../arm-none-eabi/lib/armv7e-m\libc.a(lib_a-atexit.o)
 .debug_frame   0x00000000       0x20 c:/program files/gnu tools arm embedded/4.9 2015q1/bin/../lib/gcc/arm-none-eabi/4.9.3/../../../../arm-none-eabi/lib/armv7e-m\libc.a(lib_a-atexit.o)
 .ARM.attributes
                0x00000000       0x2e c:/program files/gnu tools arm embedded/4.9 2015q1/bin/../lib/gcc/arm-none-eabi/4.9.3/../../../../arm-none-eabi/lib/armv7e-m\libc.a(lib_a-atexit.o)
 .text          0x00000000        0x0 c:/program files/gnu tools arm embedded/4.9 2015q1/bin/../lib/gcc/arm-none-eabi/4.9.3/../../../../arm-none-eabi/lib/armv7e-m\libc.a(lib_a-fini.o)
 .data          0x00000000        0x0 c:/program files/gnu tools arm embedded/4.9 2015q1/bin/../lib/gcc/arm-none-eabi/4.9.3/../../../../arm-none-eabi/lib/armv7e-m\libc.a(lib_a-fini.o)
 .bss           0x00000000        0x0 c:/program files/gnu tools arm embedded/4.9 2015q1/bin/../lib/gcc/arm-none-eabi/4.9.3/../../../../arm-none-eabi/lib/armv7e-m\libc.a(lib_a-fini.o)
 .debug_frame   0x00000000       0x34 c:/program files/gnu tools arm embedded/4.9 2015q1/bin/../lib/gcc/arm-none-eabi/4.9.3/../../../../arm-none-eabi/lib/armv7e-m\libc.a(lib_a-fini.o)
 .ARM.attributes
                0x00000000       0x2e c:/program files/gnu tools arm embedded/4.9 2015q1/bin/../lib/gcc/arm-none-eabi/4.9.3/../../../../arm-none-eabi/lib/armv7e-m\libc.a(lib_a-fini.o)
 .text          0x00000000        0x0 c:/program files/gnu tools arm embedded/4.9 2015q1/bin/../lib/gcc/arm-none-eabi/4.9.3/../../../../arm-none-eabi/lib/armv7e-m\libc.a(lib_a-__atexit.o)
 .data          0x00000000        0x0 c:/program files/gnu tools arm embedded/4.9 2015q1/bin/../lib/gcc/arm-none-eabi/4.9.3/../../../../arm-none-eabi/lib/armv7e-m\libc.a(lib_a-__atexit.o)
 .bss           0x00000000        0x0 c:/program files/gnu tools arm embedded/4.9 2015q1/bin/../lib/gcc/arm-none-eabi/4.9.3/../../../../arm-none-eabi/lib/armv7e-m\libc.a(lib_a-__atexit.o)
 .debug_frame   0x00000000       0x34 c:/program files/gnu tools arm embedded/4.9 2015q1/bin/../lib/gcc/arm-none-eabi/4.9.3/../../../../arm-none-eabi/lib/armv7e-m\libc.a(lib_a-__atexit.o)
 .ARM.attributes
                0x00000000       0x2e c:/program files/gnu tools arm embedded/4.9 2015q1/bin/../lib/gcc/arm-none-eabi/4.9.3/../../../../arm-none-eabi/lib/armv7e-m\libc.a(lib_a-__atexit.o)
 .data          0x00000000        0x0 ..\obj\stm32f4xx_hal_cortex.o
 .bss           0x00000000        0x0 ..\obj\stm32f4xx_hal_cortex.o
 .data          0x00000000        0x0 ..\obj\RNG.o
 .bss           0x00000000        0x0 ..\obj\RNG.o
 .bss           0x00000000        0x0 ..\obj\system_stm32f4xx.o
 .data          0x00000000        0x0 ..\obj\RCC.o
 .bss           0x00000000        0x0 ..\obj\RCC.o
 .text          0x00000000      0x674 ..\obj\stm32f4xx_hal_gpio.o
 .data          0x00000000        0x0 ..\obj\stm32f4xx_hal_gpio.o
 .bss           0x00000000        0x0 ..\obj\stm32f4xx_hal_gpio.o
 .debug_info    0x00000000      0x712 ..\obj\stm32f4xx_hal_gpio.o
 .debug_abbrev  0x00000000      0x1aa ..\obj\stm32f4xx_hal_gpio.o
 .debug_aranges
                0x00000000       0x20 ..\obj\stm32f4xx_hal_gpio.o
 .debug_line    0x00000000      0x428 ..\obj\stm32f4xx_hal_gpio.o
 .debug_str     0x00000000      0x500 ..\obj\stm32f4xx_hal_gpio.o
 .comment       0x00000000       0x71 ..\obj\stm32f4xx_hal_gpio.o
 .debug_frame   0x00000000      0x14c ..\obj\stm32f4xx_hal_gpio.o
 .ARM.attributes
                0x00000000       0x33 ..\obj\stm32f4xx_hal_gpio.o
 .text          0x00000000       0x14 ..\obj\startup_stm32f429xx.o
 .data          0x00000000        0x0 ..\obj\startup_stm32f429xx.o
 .bss           0x00000000        0x0 ..\obj\startup_stm32f429xx.o
 .text          0x00000000      0x330 ..\obj\stm32f4xx_hal_rng.o
 .data          0x00000000        0x0 ..\obj\stm32f4xx_hal_rng.o
 .bss           0x00000000        0x0 ..\obj\stm32f4xx_hal_rng.o
 .debug_info    0x00000000      0x43f ..\obj\stm32f4xx_hal_rng.o
 .debug_abbrev  0x00000000      0x19a ..\obj\stm32f4xx_hal_rng.o
 .debug_aranges
                0x00000000       0x20 ..\obj\stm32f4xx_hal_rng.o
 .debug_line    0x00000000      0x352 ..\obj\stm32f4xx_hal_rng.o
 .debug_str     0x00000000      0x431 ..\obj\stm32f4xx_hal_rng.o
 .comment       0x00000000       0x71 ..\obj\stm32f4xx_hal_rng.o
 .debug_frame   0x00000000      0x204 ..\obj\stm32f4xx_hal_rng.o
 .ARM.attributes
                0x00000000       0x33 ..\obj\stm32f4xx_hal_rng.o
 .text          0x00000000      0xd74 ..\obj\stm32f4xx_hal_rcc.o
 .data          0x00000000        0x0 ..\obj\stm32f4xx_hal_rcc.o
 .bss           0x00000000        0x0 ..\obj\stm32f4xx_hal_rcc.o
 .rodata        0x00000000       0x10 ..\obj\stm32f4xx_hal_rcc.o
 .debug_info    0x00000000      0xe27 ..\obj\stm32f4xx_hal_rcc.o
 .debug_abbrev  0x00000000      0x25a ..\obj\stm32f4xx_hal_rcc.o
 .debug_aranges
                0x00000000       0x20 ..\obj\stm32f4xx_hal_rcc.o
 .debug_line    0x00000000      0x58d ..\obj\stm32f4xx_hal_rcc.o
 .debug_str     0x00000000      0x6ba ..\obj\stm32f4xx_hal_rcc.o
 .comment       0x00000000       0x71 ..\obj\stm32f4xx_hal_rcc.o
 .debug_frame   0x00000000      0x204 ..\obj\stm32f4xx_hal_rcc.o
 .ARM.attributes
                0x00000000       0x33 ..\obj\stm32f4xx_hal_rcc.o
 .data          0x00000000        0x0 ..\obj\main.o
 .bss           0x00000000        0x0 ..\obj\main.o
 .text          0x00000000        0x0 c:/program files/gnu tools arm embedded/4.9 2015q1/bin/../lib/gcc/arm-none-eabi/4.9.3/armv7e-m/crtend.o
 .data          0x00000000        0x0 c:/program files/gnu tools arm embedded/4.9 2015q1/bin/../lib/gcc/arm-none-eabi/4.9.3/armv7e-m/crtend.o
 .bss           0x00000000        0x0 c:/program files/gnu tools arm embedded/4.9 2015q1/bin/../lib/gcc/arm-none-eabi/4.9.3/armv7e-m/crtend.o
 .eh_frame      0x00000000        0x4 c:/program files/gnu tools arm embedded/4.9 2015q1/bin/../lib/gcc/arm-none-eabi/4.9.3/armv7e-m/crtend.o
 .jcr           0x00000000        0x4 c:/program files/gnu tools arm embedded/4.9 2015q1/bin/../lib/gcc/arm-none-eabi/4.9.3/armv7e-m/crtend.o
 .ARM.attributes
                0x00000000       0x2e c:/program files/gnu tools arm embedded/4.9 2015q1/bin/../lib/gcc/arm-none-eabi/4.9.3/armv7e-m/crtend.o
 .text          0x00000000        0x0 c:/program files/gnu tools arm embedded/4.9 2015q1/bin/../lib/gcc/arm-none-eabi/4.9.3/armv7e-m/crtn.o
 .data          0x00000000        0x0 c:/program files/gnu tools arm embedded/4.9 2015q1/bin/../lib/gcc/arm-none-eabi/4.9.3/armv7e-m/crtn.o
 .bss           0x00000000        0x0 c:/program files/gnu tools arm embedded/4.9 2015q1/bin/../lib/gcc/arm-none-eabi/4.9.3/armv7e-m/crtn.o

Memory Configuration

Name             Origin             Length             Attributes
FLASH            0x08000000         0x00200000         xr
RAM              0x20000000         0x00030000         xrw
CCMRAM           0x10000000         0x00010000         rw
*default*        0x00000000         0xffffffff

Linker script and memory map

LOAD c:/program files/gnu tools arm embedded/4.9 2015q1/bin/../lib/gcc/arm-none-eabi/4.9.3/armv7e-m/crti.o
LOAD c:/program files/gnu tools arm embedded/4.9 2015q1/bin/../lib/gcc/arm-none-eabi/4.9.3/armv7e-m/crtbegin.o
LOAD c:/program files/gnu tools arm embedded/4.9 2015q1/bin/../lib/gcc/arm-none-eabi/4.9.3/../../../../arm-none-eabi/lib/armv7e-m/crt0.o
                0x2002ffff                _estack = 0x2002ffff
                0x00000200                _Min_Heap_Size = 0x200
                0x00000400                _Min_Stack_Size = 0x400

.isr_vector     0x08000000      0x1ac
                0x08000000                . = ALIGN (0x4)
 *(.isr_vector)
 .isr_vector    0x08000000      0x1ac ..\obj\startup_stm32f429xx.o
                0x08000000                g_pfnVectors
                0x080001ac                . = ALIGN (0x4)

.text           0x080001ac      0xa74
                0x080001ac                . = ALIGN (0x4)
 *(.text)
 .text          0x080001ac       0x5c c:/program files/gnu tools arm embedded/4.9 2015q1/bin/../lib/gcc/arm-none-eabi/4.9.3/armv7e-m/crtbegin.o
 .text          0x08000208      0x544 ..\obj\stm32f4xx_hal_cortex.o
                0x0800059c                HAL_NVIC_SetPriorityGrouping
                0x080005b0                HAL_NVIC_SetPriority
                0x080005e8                HAL_NVIC_EnableIRQ
                0x08000604                HAL_NVIC_DisableIRQ
                0x08000620                HAL_NVIC_SystemReset
                0x0800062c                HAL_SYSTICK_Config
                0x08000644                HAL_NVIC_GetPriorityGrouping
                0x08000654                HAL_NVIC_GetPriority
                0x08000684                HAL_NVIC_SetPendingIRQ
                0x080006a0                HAL_NVIC_GetPendingIRQ
                0x080006c0                HAL_NVIC_ClearPendingIRQ
                0x080006dc                HAL_NVIC_GetActive
                0x080006fc                HAL_SYSTICK_CLKSourceConfig
                0x08000734                HAL_SYSTICK_IRQHandler
                0x08000740                HAL_SYSTICK_Callback
 .text          0x0800074c       0x38 ..\obj\RNG.o
                0x0800074c                rngConfigure
                0x08000768                rngInterruptConfigure
 .text          0x08000784      0x27c ..\obj\system_stm32f4xx.o
                0x08000784                SystemInit
                0x080007dc                SystemCoreClockUpdate
 .text          0x08000a00       0x28 ..\obj\RCC.o
                0x08000a00                unresetEnableRngClock
 .text          0x08000a28       0x4c ..\obj\main.o
                0x08000a28                HASH_RNG_IRQHandler
                0x08000a44                main
 *(.text*)
 .text.__libc_init_array
                0x08000a74       0x50 c:/program files/gnu tools arm embedded/4.9 2015q1/bin/../lib/gcc/arm-none-eabi/4.9.3/../../../../arm-none-eabi/lib/armv7e-m\libc.a(lib_a-init.o)
                0x08000a74                __libc_init_array
 .text.startup.register_fini
                0x08000ac4       0x14 c:/program files/gnu tools arm embedded/4.9 2015q1/bin/../lib/gcc/arm-none-eabi/4.9.3/../../../../arm-none-eabi/lib/armv7e-m\libc.a(lib_a-__call_atexit.o)
 .text.atexit   0x08000ad8        0xc c:/program files/gnu tools arm embedded/4.9 2015q1/bin/../lib/gcc/arm-none-eabi/4.9.3/../../../../arm-none-eabi/lib/armv7e-m\libc.a(lib_a-atexit.o)
                0x08000ad8                atexit
 .text.__libc_fini_array
                0x08000ae4       0x2c c:/program files/gnu tools arm embedded/4.9 2015q1/bin/../lib/gcc/arm-none-eabi/4.9.3/../../../../arm-none-eabi/lib/armv7e-m\libc.a(lib_a-fini.o)
                0x08000ae4                __libc_fini_array
 .text.__register_exitproc
                0x08000b10       0xa4 c:/program files/gnu tools arm embedded/4.9 2015q1/bin/../lib/gcc/arm-none-eabi/4.9.3/../../../../arm-none-eabi/lib/armv7e-m\libc.a(lib_a-__atexit.o)
                0x08000b10                __register_exitproc
 .text.Reset_Handler
                0x08000bb4       0x50 ..\obj\startup_stm32f429xx.o
                0x08000bb4                Reset_Handler
 .text.Default_Handler
                0x08000c04        0x2 ..\obj\startup_stm32f429xx.o
                0x08000c04                RTC_Alarm_IRQHandler
                0x08000c04                EXTI2_IRQHandler
                0x08000c04                TIM8_CC_IRQHandler
                0x08000c04                DebugMon_Handler
                0x08000c04                UART8_IRQHandler
                0x08000c04                SPI4_IRQHandler
                0x08000c04                TIM1_CC_IRQHandler
                0x08000c04                DMA2_Stream5_IRQHandler
                0x08000c04                HardFault_Handler
                0x08000c04                DMA1_Stream5_IRQHandler
                0x08000c04                SysTick_Handler
                0x08000c04                PVD_IRQHandler
                0x08000c04                SDIO_IRQHandler
                0x08000c04                TAMP_STAMP_IRQHandler
                0x08000c04                PendSV_Handler
                0x08000c04                NMI_Handler
                0x08000c04                CAN2_RX1_IRQHandler
                0x08000c04                EXTI3_IRQHandler
                0x08000c04                TIM8_TRG_COM_TIM14_IRQHandler
                0x08000c04                TIM1_UP_TIM10_IRQHandler
                0x08000c04                TIM8_UP_TIM13_IRQHandler
                0x08000c04                I2C3_ER_IRQHandler
                0x08000c04                EXTI0_IRQHandler
                0x08000c04                I2C2_EV_IRQHandler
                0x08000c04                DMA1_Stream2_IRQHandler
                0x08000c04                CAN1_RX0_IRQHandler
                0x08000c04                FPU_IRQHandler
                0x08000c04                OTG_HS_WKUP_IRQHandler
                0x08000c04                UsageFault_Handler
                0x08000c04                LTDC_ER_IRQHandler
                0x08000c04                CAN2_SCE_IRQHandler
                0x08000c04                DMA2_Stream2_IRQHandler
                0x08000c04                SPI1_IRQHandler
                0x08000c04                TIM6_DAC_IRQHandler
                0x08000c04                TIM1_BRK_TIM9_IRQHandler
                0x08000c04                DCMI_IRQHandler
                0x08000c04                CAN2_RX0_IRQHandler
                0x08000c04                DMA2_Stream3_IRQHandler
                0x08000c04                USART6_IRQHandler
                0x08000c04                USART3_IRQHandler
                0x08000c04                CAN1_RX1_IRQHandler
                0x08000c04                UART5_IRQHandler
                0x08000c04                DMA2_Stream0_IRQHandler
                0x08000c04                TIM4_IRQHandler
                0x08000c04                I2C1_EV_IRQHandler
                0x08000c04                DMA1_Stream6_IRQHandler
                0x08000c04                DMA1_Stream1_IRQHandler
                0x08000c04                UART4_IRQHandler
                0x08000c04                TIM3_IRQHandler
                0x08000c04                RCC_IRQHandler
                0x08000c04                TIM8_BRK_TIM12_IRQHandler
                0x08000c04                Default_Handler
                0x08000c04                EXTI15_10_IRQHandler
                0x08000c04                ADC_IRQHandler
                0x08000c04                DMA1_Stream7_IRQHandler
                0x08000c04                SPI5_IRQHandler
                0x08000c04                TIM7_IRQHandler
                0x08000c04                CAN2_TX_IRQHandler
                0x08000c04                TIM5_IRQHandler
                0x08000c04                DMA2_Stream7_IRQHandler
                0x08000c04                I2C3_EV_IRQHandler
                0x08000c04                EXTI9_5_IRQHandler
                0x08000c04                RTC_WKUP_IRQHandler
                0x08000c04                LTDC_IRQHandler
                0x08000c04                ETH_WKUP_IRQHandler
                0x08000c04                SPI2_IRQHandler
                0x08000c04                OTG_HS_EP1_IN_IRQHandler
                0x08000c04                MemManage_Handler
                0x08000c04                DMA1_Stream0_IRQHandler
                0x08000c04                CAN1_TX_IRQHandler
                0x08000c04                SVC_Handler
                0x08000c04                EXTI4_IRQHandler
                0x08000c04                ETH_IRQHandler
                0x08000c04                OTG_HS_EP1_OUT_IRQHandler
                0x08000c04                WWDG_IRQHandler
                0x08000c04                SPI6_IRQHandler
                0x08000c04                TIM2_IRQHandler
                0x08000c04                OTG_FS_WKUP_IRQHandler
                0x08000c04                TIM1_TRG_COM_TIM11_IRQHandler
                0x08000c04                OTG_HS_IRQHandler
                0x08000c04                DMA2D_IRQHandler
                0x08000c04                EXTI1_IRQHandler
                0x08000c04                UART7_IRQHandler
                0x08000c04                USART2_IRQHandler
                0x08000c04                I2C2_ER_IRQHandler
                0x08000c04                DMA2_Stream1_IRQHandler
                0x08000c04                CAN1_SCE_IRQHandler
                0x08000c04                FLASH_IRQHandler
                0x08000c04                DMA2_Stream4_IRQHandler
                0x08000c04                BusFault_Handler
                0x08000c04                USART1_IRQHandler
                0x08000c04                OTG_FS_IRQHandler
                0x08000c04                SPI3_IRQHandler
                0x08000c04                DMA1_Stream4_IRQHandler
                0x08000c04                I2C1_ER_IRQHandler
                0x08000c04                FMC_IRQHandler
                0x08000c04                DMA2_Stream6_IRQHandler
                0x08000c04                SAI1_IRQHandler
                0x08000c04                DMA1_Stream3_IRQHandler
 *(.glue_7)
 .glue_7        0x00000000        0x0 linker stubs
 *(.glue_7t)
 .glue_7t       0x00000000        0x0 linker stubs
 *(.eh_frame)
 *fill*         0x08000c06        0x2 
 .eh_frame      0x08000c08        0x0 c:/program files/gnu tools arm embedded/4.9 2015q1/bin/../lib/gcc/arm-none-eabi/4.9.3/armv7e-m/crtbegin.o
 *(.init)
 .init          0x08000c08        0x4 c:/program files/gnu tools arm embedded/4.9 2015q1/bin/../lib/gcc/arm-none-eabi/4.9.3/armv7e-m/crti.o
                0x08000c08                _init
 .init          0x08000c0c        0x8 c:/program files/gnu tools arm embedded/4.9 2015q1/bin/../lib/gcc/arm-none-eabi/4.9.3/armv7e-m/crtn.o
 *(.fini)
 .fini          0x08000c14        0x4 c:/program files/gnu tools arm embedded/4.9 2015q1/bin/../lib/gcc/arm-none-eabi/4.9.3/armv7e-m/crti.o
                0x08000c14                _fini
 .fini          0x08000c18        0x8 c:/program files/gnu tools arm embedded/4.9 2015q1/bin/../lib/gcc/arm-none-eabi/4.9.3/armv7e-m/crtn.o
                0x08000c20                . = ALIGN (0x4)
                0x08000c20                _etext = .

.vfp11_veneer   0x08000c20        0x0
 .vfp11_veneer  0x00000000        0x0 linker stubs

.v4_bx          0x08000c20        0x0
 .v4_bx         0x00000000        0x0 linker stubs

.iplt           0x08000c20        0x0
 .iplt          0x00000000        0x0 c:/program files/gnu tools arm embedded/4.9 2015q1/bin/../lib/gcc/arm-none-eabi/4.9.3/armv7e-m/crtbegin.o

.rodata         0x08000c20        0x8
                0x08000c20                . = ALIGN (0x4)
 *(.rodata)
 *(.rodata*)
 .rodata.str1.4
                0x08000c20        0x4 c:/program files/gnu tools arm embedded/4.9 2015q1/bin/../lib/gcc/arm-none-eabi/4.9.3/../../../../arm-none-eabi/lib/armv7e-m\libc.a(lib_a-impure.o)
 .rodata._global_impure_ptr
                0x08000c24        0x4 c:/program files/gnu tools arm embedded/4.9 2015q1/bin/../lib/gcc/arm-none-eabi/4.9.3/../../../../arm-none-eabi/lib/armv7e-m\libc.a(lib_a-impure.o)
                0x08000c24                _global_impure_ptr
                0x08000c28                . = ALIGN (0x4)

.rel.dyn        0x08000c28        0x0
 .rel.iplt      0x00000000        0x0 c:/program files/gnu tools arm embedded/4.9 2015q1/bin/../lib/gcc/arm-none-eabi/4.9.3/armv7e-m/crtbegin.o

.ARM.extab
 *(.ARM.extab* .gnu.linkonce.armextab.*)

.ARM            0x08000c28        0x0
                0x08000c28                __exidx_start = .
 *(.ARM.exidx*)
                0x08000c28                __exidx_end = .

.preinit_array  0x08000c28        0x0
                0x08000c28                PROVIDE (__preinit_array_start, .)
 *(.preinit_array*)
                0x08000c28                PROVIDE (__preinit_array_end, .)

.init_array     0x08000c28        0x8
                0x08000c28                PROVIDE (__init_array_start, .)
 *(SORT(.init_array.*))
 .init_array.00000
                0x08000c28        0x4 c:/program files/gnu tools arm embedded/4.9 2015q1/bin/../lib/gcc/arm-none-eabi/4.9.3/../../../../arm-none-eabi/lib/armv7e-m\libc.a(lib_a-__call_atexit.o)
 *(.init_array*)
 .init_array    0x08000c2c        0x4 c:/program files/gnu tools arm embedded/4.9 2015q1/bin/../lib/gcc/arm-none-eabi/4.9.3/armv7e-m/crtbegin.o
                0x08000c30                PROVIDE (__init_array_end, .)

.fini_array     0x08000c30        0x4
                0x08000c30                PROVIDE (__fini_array_start, .)
 *(SORT(.fini_array.*))
 *(.fini_array*)
 .fini_array    0x08000c30        0x4 c:/program files/gnu tools arm embedded/4.9 2015q1/bin/../lib/gcc/arm-none-eabi/4.9.3/armv7e-m/crtbegin.o
                0x08000c34                PROVIDE (__fini_array_end, .)
                0x08000c34                _sidata = LOADADDR (.data)

.data           0x20000000      0x440 load address 0x08000c34
                0x20000000                . = ALIGN (0x4)
                0x20000000                _sdata = .
 *(.data)
 .data          0x20000000       0x14 ..\obj\system_stm32f4xx.o
                0x20000000                SystemCoreClock
                0x20000004                AHBPrescTable
 *(.data*)
 *fill*         0x20000014        0x4 
 .data.impure_data
                0x20000018      0x428 c:/program files/gnu tools arm embedded/4.9 2015q1/bin/../lib/gcc/arm-none-eabi/4.9.3/../../../../arm-none-eabi/lib/armv7e-m\libc.a(lib_a-impure.o)
                0x20000440                . = ALIGN (0x4)
                0x20000440                _edata = .
                0x08001074                _siccmram = LOADADDR (.ccmram)

.jcr            0x20000440        0x0 load address 0x08001074
 .jcr           0x20000440        0x0 c:/program files/gnu tools arm embedded/4.9 2015q1/bin/../lib/gcc/arm-none-eabi/4.9.3/armv7e-m/crtbegin.o

.igot.plt       0x20000440        0x0 load address 0x08001074
 .igot.plt      0x00000000        0x0 c:/program files/gnu tools arm embedded/4.9 2015q1/bin/../lib/gcc/arm-none-eabi/4.9.3/armv7e-m/crtbegin.o

.ccmram         0x10000000        0x0 load address 0x08001074
                0x10000000                . = ALIGN (0x4)
                0x10000000                _sccmram = .
 *(.ccmram)
 *(.ccmram*)
                0x10000000                . = ALIGN (0x4)
                0x10000000                _eccmram = .
                0x10000000                . = ALIGN (0x4)

.bss            0x20000440       0x1c
                0x20000440                _sbss = .
                0x20000440                __bss_start__ = _sbss
 *(.bss)
 .bss           0x20000440       0x1c c:/program files/gnu tools arm embedded/4.9 2015q1/bin/../lib/gcc/arm-none-eabi/4.9.3/armv7e-m/crtbegin.o
 *(.bss*)
 *(COMMON)
                0x2000045c                . = ALIGN (0x4)
                0x2000045c                _ebss = .
                0x2000045c                __bss_end__ = _ebss

._user_heap_stack
                0x2000045c      0x600
                0x2000045c                . = ALIGN (0x4)
                0x2000045c                PROVIDE (end, .)
                0x2000045c                PROVIDE (_end, .)
                0x2000065c                . = (. + _Min_Heap_Size)
 *fill*         0x2000045c      0x200 
                0x20000a5c                . = (. + _Min_Stack_Size)
 *fill*         0x2000065c      0x400 
                0x20000a5c                . = ALIGN (0x4)

/DISCARD/
 libc.a(*)
 libm.a(*)
 libgcc.a(*)

.ARM.attributes
                0x00000000       0x2a
 *(.ARM.attributes)
 .ARM.attributes
                0x00000000       0x1e c:/program files/gnu tools arm embedded/4.9 2015q1/bin/../lib/gcc/arm-none-eabi/4.9.3/armv7e-m/crti.o
 .ARM.attributes
                0x0000001e       0x2e c:/program files/gnu tools arm embedded/4.9 2015q1/bin/../lib/gcc/arm-none-eabi/4.9.3/armv7e-m/crtbegin.o
 .ARM.attributes
                0x0000004c       0x33 ..\obj\stm32f4xx_hal_cortex.o
 .ARM.attributes
                0x0000007f       0x33 ..\obj\RNG.o
 .ARM.attributes
                0x000000b2       0x33 ..\obj\system_stm32f4xx.o
 .ARM.attributes
                0x000000e5       0x33 ..\obj\RCC.o
 .ARM.attributes
                0x00000118       0x21 ..\obj\startup_stm32f429xx.o
 .ARM.attributes
                0x00000139       0x33 ..\obj\main.o
 .ARM.attributes
                0x0000016c       0x1e c:/program files/gnu tools arm embedded/4.9 2015q1/bin/../lib/gcc/arm-none-eabi/4.9.3/armv7e-m/crtn.o
LOAD ..\obj\stm32f4xx_hal_cortex.o
LOAD ..\obj\RNG.o
LOAD ..\obj\system_stm32f4xx.o
LOAD ..\obj\RCC.o
LOAD ..\obj\stm32f4xx_hal_gpio.o
LOAD ..\obj\startup_stm32f429xx.o
LOAD ..\obj\stm32f4xx_hal_rng.o
LOAD ..\obj\stm32f4xx_hal_rcc.o
LOAD ..\obj\main.o
START GROUP
LOAD c:/program files/gnu tools arm embedded/4.9 2015q1/bin/../lib/gcc/arm-none-eabi/4.9.3/armv7e-m\libgcc.a
LOAD c:/program files/gnu tools arm embedded/4.9 2015q1/bin/../lib/gcc/arm-none-eabi/4.9.3/../../../../arm-none-eabi/lib/armv7e-m\libg.a
LOAD c:/program files/gnu tools arm embedded/4.9 2015q1/bin/../lib/gcc/arm-none-eabi/4.9.3/../../../../arm-none-eabi/lib/armv7e-m\libc.a
END GROUP
LOAD c:/program files/gnu tools arm embedded/4.9 2015q1/bin/../lib/gcc/arm-none-eabi/4.9.3/armv7e-m/crtend.o
LOAD c:/program files/gnu tools arm embedded/4.9 2015q1/bin/../lib/gcc/arm-none-eabi/4.9.3/armv7e-m/crtn.o
OUTPUT(Test.elf elf32-littlearm)

.debug_info     0x00000000     0x17f3
 .debug_info    0x00000000      0xbac ..\obj\stm32f4xx_hal_cortex.o
 .debug_info    0x00000bac       0xdc ..\obj\RNG.o
 .debug_info    0x00000c88      0x5a5 ..\obj\system_stm32f4xx.o
 .debug_info    0x0000122d      0x187 ..\obj\RCC.o
 .debug_info    0x000013b4       0x99 ..\obj\startup_stm32f429xx.o
 .debug_info    0x0000144d      0x3a6 ..\obj\main.o

.debug_abbrev   0x00000000      0x5b6
 .debug_abbrev  0x00000000      0x299 ..\obj\stm32f4xx_hal_cortex.o
 .debug_abbrev  0x00000299       0x69 ..\obj\RNG.o
 .debug_abbrev  0x00000302      0x136 ..\obj\system_stm32f4xx.o
 .debug_abbrev  0x00000438       0x92 ..\obj\RCC.o
 .debug_abbrev  0x000004ca       0x12 ..\obj\startup_stm32f429xx.o
 .debug_abbrev  0x000004dc       0xda ..\obj\main.o

.debug_aranges  0x00000000       0xc8
 .debug_aranges
                0x00000000       0x20 ..\obj\stm32f4xx_hal_cortex.o
 .debug_aranges
                0x00000020       0x20 ..\obj\RNG.o
 .debug_aranges
                0x00000040       0x20 ..\obj\system_stm32f4xx.o
 .debug_aranges
                0x00000060       0x20 ..\obj\RCC.o
 .debug_aranges
                0x00000080       0x28 ..\obj\startup_stm32f429xx.o
 .debug_aranges
                0x000000a8       0x20 ..\obj\main.o

.debug_line     0x00000000      0xa20
 .debug_line    0x00000000      0x32a ..\obj\stm32f4xx_hal_cortex.o
 .debug_line    0x0000032a      0x125 ..\obj\RNG.o
 .debug_line    0x0000044f      0x219 ..\obj\system_stm32f4xx.o
 .debug_line    0x00000668      0x180 ..\obj\RCC.o
 .debug_line    0x000007e8       0x9e ..\obj\startup_stm32f429xx.o
 .debug_line    0x00000886      0x19a ..\obj\main.o

.debug_str      0x00000000      0xced
 .debug_str     0x00000000      0x9f2 ..\obj\stm32f4xx_hal_cortex.o
                                0xb3c (size before relaxing)
 .debug_str     0x000009f2       0x76 ..\obj\RNG.o
                                0x177 (size before relaxing)
 .debug_str     0x00000a68      0x1c9 ..\obj\system_stm32f4xx.o
                                0x394 (size before relaxing)
 .debug_str     0x00000c31       0x72 ..\obj\RCC.o
                                0x21f (size before relaxing)
 .debug_str     0x00000ca3       0x4a ..\obj\main.o
                                0x738 (size before relaxing)

.comment        0x00000000       0x70
 .comment       0x00000000       0x70 ..\obj\stm32f4xx_hal_cortex.o
                                 0x71 (size before relaxing)
 .comment       0x00000000       0x71 ..\obj\RNG.o
 .comment       0x00000000       0x71 ..\obj\system_stm32f4xx.o
 .comment       0x00000000       0x71 ..\obj\RCC.o
 .comment       0x00000000       0x71 ..\obj\main.o

.debug_frame    0x00000000      0x574
 .debug_frame   0x00000000      0x428 ..\obj\stm32f4xx_hal_cortex.o
 .debug_frame   0x00000428       0x50 ..\obj\RNG.o
 .debug_frame   0x00000478       0x7c ..\obj\system_stm32f4xx.o
 .debug_frame   0x000004f4       0x30 ..\obj\RCC.o
 .debug_frame   0x00000524       0x50 ..\obj\main.o

.debug_ranges   0x00000000       0x20
 .debug_ranges  0x00000000       0x20 ..\obj\startup_stm32f429xx.o
